// Jest Snapshot v1, https://goo.gl/fbAQLP

exports[`<FollowersList> should render component 1`] = `
<div>
  <div
    class="text-gray-700"
  >
    <h3
      class="text-center"
    />
    <div
      class="flex flex-wrap space-x-4"
    >
      <div />
      <div />
    </div>
  </div>
</div>
`;

exports[`<FollowersList> should render component with props 1`] = `
<div>
  <div
    class="text-gray-700"
  >
    <h3
      class="text-center"
    />
    <div
      class="flex flex-wrap space-x-4"
    >
      <div />
      <div />
    </div>
  </div>
</div>
`;
